===== ROLLBACK 2026-08-18T16:11:07Z =====
release=microcrm namespace=orion-dev
--- historique AVANT ---
REVISION	UPDATED                 	STATUS  	CHART         	APP VERSION	DESCRIPTION                                                                                                                          
1       	Tue Aug 18 12:04:53 2026	deployed	microcrm-0.1.0	0.1.0      	Install complete                                                                                                                     
2       	Tue Aug 18 12:08:17 2026	failed  	microcrm-0.1.0	0.1.0      	Upgrade "microcrm" failed: resource Deployment/orion-dev/microcrm-back not ready. status: InProgress, message: Pending termination...
--- pods AVANT ---
microcrm-back-76d7bf8c99-x8lmr    false   Running   orion-microcrm-back:1.1.0
microcrm-back-c776cdcc9-5pftr     true    Running   orion-microcrm-back:1.0.0
microcrm-front-86db977c76-9x8cr   true    Running   orion-microcrm-front:1.1.0
revision cible : 1
--- pods APRES ---
microcrm-back-c776cdcc9-5pftr     true   Running   orion-microcrm-back:1.0.0
microcrm-front-76dd897dc6-b2flw   true   Running   orion-microcrm-front:1.0.0
microcrm-front-86db977c76-9x8cr   true   Running   orion-microcrm-front:1.1.0
--- historique APRES ---
REVISION	UPDATED                 	STATUS    	CHART         	APP VERSION	DESCRIPTION                                                                                                                          
1       	Tue Aug 18 12:04:53 2026	superseded	microcrm-0.1.0	0.1.0      	Install complete                                                                                                                     
2       	Tue Aug 18 12:08:17 2026	failed    	microcrm-0.1.0	0.1.0      	Upgrade "microcrm" failed: resource Deployment/orion-dev/microcrm-back not ready. status: InProgress, message: Pending termination...
3       	Tue Aug 18 12:11:08 2026	deployed  	microcrm-0.1.0	0.1.0      	Rollback to 1                                                                                                                        
  test de fumee : frontend OK, API disponible
RESULTAT : SUCCES en 18s

